[dotenv@17.2.3] injecting env (6) from .env -- tip: ✅ audit secrets and track compliance: https://dotenvx.com/ops

Running 1 test using 1 worker

[1A[2K[dotenv@17.2.3] injecting env (0) from .env -- tip: 🔐 encrypt with Dotenvx: https://dotenvx.com

[1A[2K[1/1] [chromium] › tests/specs/update-leg.spec.ts:28:9 › Update Leg › should update all legs in booking dynamically
[1A[2K[chromium] › tests/specs/update-leg.spec.ts:28:9 › Update Leg › should update all legs in booking dynamically
BASE_COMPANY from env: "Another Base Company Testing"

[1A[2KAttempting to select company: "Another Base Company Testing"

[1A[2KSuccessfully selected company: "Another Base Company Testing"

[1A[2K📍 Booking ID: _SEID251033

[1A[2KStep 1: Navigating to booking...

[1A[2K📍 Navigated to booking: _SEID251033

[1A[2KStep 2: Accepting booking...

[1A[2KAttempting to accept booking...

[1A[2K✅ Accept button found, clicking...

[1A[2K✅ Yes button found, clicking...

[1A[2K✅ Booking accepted successfully

[1A[2KStep 3: Refreshing page...

[1A[2KStep 4: Clicking first leg to open modal...

[1A[2KStep 5: Waiting for modal...

[1A[2KModal is visible

[1A[2KStep 6: Syncing legs in modal to load form fields...

[1A[2KLegs synced in modal

[1A[2KStep 7: Assigning driver and vehicle...

[1A[2KAssigning driver and vehicle...

[1A[2KDRIVER ASSIGNMENT: Aeril - Aakhif Aeril

[1A[2KClicking driver field (#driverUuid)...

[1A[2KDropdown visible: true

[1A[2KSelecting option: "Aeril - Aakhif Aeril"

[1A[2K✅ Found and clicking option: Aeril - Aakhif Aeril

[1A[2K✅ Selected: Aeril - Aakhif Aeril

[1A[2K  Step 4: Field value after selection: ""

[1A[2KDriver assignment complete

[1A[2KVEHICLE ASSIGNMENT: ABC001 - ABC001

[1A[2K  Step 1: Clicking vehicle field (#vehicleUuid)...

[1A[2KDropdown visible: true

[1A[2KSelecting option: "ABC001 - ABC001"

[1A[2K✅ Found and clicking option: ABC001 - ABC001

[1A[2K✅ Selected: ABC001 - ABC001

[1A[2K  Step 4: Field value after selection: ""

[1A[2KVehicle assignment complete

[1A[2KAll resources assigned

[1A[2KStep 8: Submitting driver and vehicle...

[1A[2K📤 Submitting leg...

[1A[2K⚠️ Submit button not visible, checking page state...

[1A[2KStep 9: Waiting for submission to complete...

[1A[2KStep 10: Updating timeline fields with real-time data...

[1A[2K⏰ Updating timeline interactively with real-time values...

[1A[2K  ⏱️ Updating planStart...

[1A[2K    ⚠️ planStart field not available or already set: TimeoutError: locator.waitFor: Timeout 3000ms exceeded.
Call log:
[2m  - waiting for locator('#edit-time-button-planStart > svg') to be visible[22m


[1A[2K  ⏱️ Updating start...

[1A[2K    ✅ start updated with current time

[1A[2K  ⏱️ Updating startOut...

[1A[2K    ✅ startOut updated with current time

[1A[2K  ⏱️ Updating end...

[1A[2K    ✅ end updated with current time

[1A[2K  ⏱️ Updating endOut...

[1A[2K    ✅ endOut updated with current time

[1A[2K  ⏱️ Updating planEnd...

[1A[2K    ✅ planEnd updated with current time

[1A[2K✅ All timeline fields updated successfully with real-time values

[1A[2KStep 11: Waiting for timeline updates...

[1A[2KStep 12: Final submit and close...

[1A[2K📤 Submitting leg...

[1A[2K⚠️ Submit button not visible, checking page state...

[1A[2K🚪 Closing leg dialog...

[1A[2K✅ Leg dialog closed (method 1)

[1A[2K✅ Leg updated successfully with driver, vehicle, and all timeline fields!

[1A[2K  1 passed (50.5s)

To open last HTML report run:
[36m[39m
[36m  npx playwright show-report[39m
[36m[39m
